=========================
Fcitx 5.1.21 -- Get Signal No.: 11
Date: try "date -d @1787761248" if you are using GNU date ***
ProcessID: 2369
/usr/bin/fcitx5(+0x16311) [0x561c2da00311]
/usr/lib/libc.so.6(+0x3e6f0) [0x7f9df843e6f0]
/usr/lib/fcitx5/libunikey.so(+0x1dbea) [0x7f9df4c18bea]
/usr/lib/fcitx5/libunikey.so(+0x1399e) [0x7f9df4c0e99e]
/usr/lib/fcitx5/libunikey.so(+0x13d29) [0x7f9df4c0ed29]
/usr/lib/libFcitx5Core.so.7(_ZNK5fcitx8Instance9postEventERNS_5EventE+0x4d3) [0x7f9df8d46573]
/usr/lib/libFcitx5Core.so.7(_ZN5fcitx12InputContext8keyEventERNS_8KeyEventE+0xa9) [0x7f9df8d6e699]
/usr/lib/fcitx5/libwaylandim.so(+0x259b4) [0x7f9df68859b4]
/usr/lib/fcitx5/libwaylandim.so(+0x3bac6) [0x7f9df689bac6]
/usr/lib/libffi.so.8(+0x8db6) [0x7f9df8650db6]
/usr/lib/libffi.so.8(+0x4a6d) [0x7f9df864ca6d]
/usr/lib/libffi.so.8(ffi_call+0x172) [0x7f9df864fe32]
/usr/lib/libwayland-client.so.0(+0x47cd) [0x7f9df86bd7cd]
/usr/lib/libwayland-client.so.0(+0x56b9) [0x7f9df86be6b9]
/usr/lib/libwayland-client.so.0(wl_display_dispatch_queue_pending+0x7b) [0x7f9df86beaeb]
/usr/lib/fcitx5/libwayland.so(+0x20b3a) [0x7f9df8af6b3a]
/usr/lib/libFcitx5Utils.so.2(+0x4db9b) [0x7f9df8c5eb9b]
/usr/lib/libFcitx5Utils.so.2(+0x44c08) [0x7f9df8c55c08]
/usr/lib/libFcitx5Utils.so.2(+0x49faf) [0x7f9df8c5afaf]
/usr/lib/libsystemd.so.0(+0x47256) [0x7f9df82ff256]
/usr/lib/libsystemd.so.0(sd_event_dispatch+0x18b) [0x7f9df82ff56b]
/usr/lib/libsystemd.so.0(sd_event_run+0x289) [0x7f9df8301de9]
/usr/lib/libsystemd.so.0(sd_event_loop+0x90) [0x7f9df83021d0]
/usr/lib/libFcitx5Utils.so.2(_ZN5fcitx9EventLoop4execEv+0x2c) [0x7f9df8c86dac]
/usr/lib/libFcitx5Core.so.7(_ZN5fcitx8Instance4execEv+0x5e) [0x7f9df8d495ae]
/usr/bin/fcitx5(+0x14124) [0x561c2d9fe124]
/usr/lib/libc.so.6(+0x27781) [0x7f9df8427781]
/usr/lib/libc.so.6(__libc_start_main+0x89) [0x7f9df84278b9]
/usr/bin/fcitx5(+0x15615) [0x561c2d9ff615]
